// Jest Snapshot v1, https://goo.gl/fbAQLP

exports[`AddNewPostBtn <AddNewPostBtn /> matches snapshot 1`] = `
<DocumentFragment>
  <button>
    Add New Post
  </button>
</DocumentFragment>
`;
